G=make_graph("test_g",1,2,[],[])
 G = (graph tlist) with fields:
the graph "test_g" is directed 
node number : 2
edge number : 0
more informations with test_g.field
(see test_g(1) for the list of fields)
G1=add_edge(1,2,G)
 G1 = (graph tlist) with fields:
the graph "test_g" is directed 
node number : 2
edge number : 1
more informations with test_g.field
(see test_g(1) for the list of fields)
assert_checkequal(G1.head,[2])
 ans = 
  T
assert_checkequal(G1.tail,[1])
 ans = 
  T
