G=make_graph("test_g",1,3,[1 2],[2 3])
 G = (graph tlist) with fields:
the graph "test_g" is directed 
node number : 3
edge number : 2
more informations with test_g.field
(see test_g(1) for the list of fields)
G.node_x=[0 100 50]
 G = (graph tlist) with fields:
the graph "test_g" is directed 
node number : 3
edge number : 2
more informations with test_g.field
(see test_g(1) for the list of fields)
G.node_y=[0 0 50]
 G = (graph tlist) with fields:
the graph "test_g" is directed 
node number : 3
edge number : 2
more informations with test_g.field
(see test_g(1) for the list of fields)
G1=arc_graph(G)
 G1 = (graph tlist) with fields:
the graph "foo" is directed 
node number : 2
edge number : 1
more informations with foo.field
(see foo(1) for the list of fields)
assert_checkequal(G1.node_number,2)
 ans = 
  T
assert_checkequal(G1.node_x,[50,75])
 ans = 
  T
assert_checkequal(G1.node_y,[0,25])
 ans = 
  T
assert_checkequal(G1.head,[2])
 ans = 
  T
assert_checkequal(G1.tail,[1])
 ans = 
  T
